// Jest Snapshot v1, https://goo.gl/fbAQLP

exports[`dot property sampleJsonSchema 1`] = `
Object {
  "name": "",
  "value": "",
}
`;
